******************************************************************************
                  TI ARM Linker PC v18.12.1                    
******************************************************************************
>> Linked Tue Nov 12 17:22:43 2019

OUTPUT FILE NAME:   <newnetworkingplatform.out>
ENTRY POINT SYMBOL: "_c_int00_noargs"  address: 00003c59


MEMORY CONFIGURATION

         name            origin    length      used     unused   attr    fill
----------------------  --------  ---------  --------  --------  ----  --------
  MAIN                  00000000   00040000  000040e0  0003bf20  R  X
  INFO                  00200000   00004000  00000000  00004000  R  X
  SRAM_CODE             01000000   00010000  00000bd6  0000f42a  RW X
  SRAM_DATA             20000000   00010000  00000bd6  0000f42a  RW  


SEGMENT ALLOCATION MAP

run origin  load origin   length   init length attrs members
----------  ----------- ---------- ----------- ----- -------
00000000    00000000    000040e8   000040e8    r-x
  00000000    00000000    000000e4   000000e4    r-- .intvecs
  000000e8    000000e8    00003df4   00003df4    r-x .text
  00003edc    00003edc    00000168   00000168    r-- .const
  00004048    00004048    000000a0   000000a0    r-- .cinit
20000000    20000000    000009d8   00000000    rw-
  20000000    20000000    00000400   00000000    rw- .sysmem
  20000400    20000400    000003e2   00000000    rw- .bss
  200007e4    200007e4    000001f4   00000000    rw- .data
2000fe00    2000fe00    00000200   00000000    rw-
  2000fe00    2000fe00    00000200   00000000    rw- .stack


SECTION ALLOCATION MAP

 output                                  attributes/
section   page    origin      length       input sections
--------  ----  ----------  ----------   ----------------
.intvecs   0    00000000    000000e4     
                  00000000    000000e4     startup_msp432p401r_ccs.obj (.intvecs:retain)

.text      0    000000e8    00003df4     
                  000000e8    00000a4e     rtsv7M4_T_le_v4SPD16_eabi.lib : _printfi.c.obj (.text:__TI_printfi)
                  00000b36    00000002                                   : _lock.c.obj (.text:_nop)
                  00000b38    000003ae     system_msp432p401r.obj (.text)
                  00000ee6    00000002     rtsv7M4_T_le_v4SPD16_eabi.lib : div0.asm.obj (.text)
                  00000ee8    0000032c     receiver.obj (.text)
                  00001214    00000004     rtsv7M4_T_le_v4SPD16_eabi.lib : printf.c.obj (.text:_outc)
                  00001218    00000288     uart.obj (.text)
                  000014a0    00000272     main.obj (.text)
                  00001712    00000002     --HOLE-- [fill = 0]
                  00001714    00000270     rtsv7M4_T_le_v4SPD16_eabi.lib : _printfi.c.obj (.text:_pconv_a)
                  00001984    00000004                                   : printf.c.obj (.text:_outs)
                  00001988    000001f6     transmitter.obj (.text)
                  00001b7e    00000002     --HOLE-- [fill = 0]
                  00001b80    000001da     gpio.obj (.text)
                  00001d5a    00000002     --HOLE-- [fill = 0]
                  00001d5c    000001d0     rtsv7M4_T_le_v4SPD16_eabi.lib : _printfi.c.obj (.text:_pconv_g)
                  00001f2c    00000004                                   : pre_init.c.obj (.text:_system_pre_init)
                  00001f30    000001be     timer.obj (.text)
                  000020ee    000001b6     rtsv7M4_T_le_v4SPD16_eabi.lib : fd_add_t2.asm.obj (.text)
                  000022a4    0000013c                                   : _printfi.c.obj (.text:_pconv_e)
                  000023e0    00000136                                   : fd_div_t2.asm.obj (.text)
                  00002516    00000002     --HOLE-- [fill = 0]
                  00002518    00000124                                   : _printfi.c.obj (.text:fcvt)
                  0000263c    00000114                                   : fputs.c.obj (.text:fputs)
                  00002750    00000110                                   : s_scalbn.c.obj (.text:scalbn)
                  00002860    000000fc                                   : fd_mul_t2.asm.obj (.text)
                  0000295c    000000f4                                   : memory.c.obj (.text:aligned_alloc)
                  00002a50    000000e8                                   : memory.c.obj (.text:free)
                  00002b38    000000e8     gpio_config.obj (.text)
                  00002c20    000000e0     ledbank.obj (.text)
                  00002d00    000000dc     rtsv7M4_T_le_v4SPD16_eabi.lib : setvbuf.c.obj (.text:setvbuf)
                  00002ddc    000000b1                                   : _printfi.c.obj (.text:_ltostr)
                  00002e8d    00000001     --HOLE-- [fill = 0]
                  00002e8e    0000009c                                   : memcpy_t2.asm.obj (.text)
                  00002f2a    00000096                                   : ull_div_t2.asm.obj (.text)
                  00002fc0    0000008c                                   : fputc.c.obj (.text:fputc)
                  0000304c    00000086                                   : fd_cmp_t2.asm.obj (.text:__aeabi_cdcmple)
                  000030d2    00000086                                   : fd_cmp_t2.asm.obj (.text:__aeabi_cdrcmple)
                  00003158    0000007c                                   : memory.c.obj (.text:split)
                  000031d4    0000007a                                   : memset_t2.asm.obj (.text)
                  0000324e    00000002     --HOLE-- [fill = 0]
                  00003250    00000074                                   : fclose.c.obj (.text:__TI_closefile)
                  000032c4    0000006e                                   : _printfi.c.obj (.text:_mcpy)
                  00003332    00000002     --HOLE-- [fill = 0]
                  00003334    00000068                                   : hostlseek.c.obj (.text:HOSTlseek)
                  0000339c    00000068                                   : hostrename.c.obj (.text:HOSTrename)
                  00003404    00000068                                   : copy_decompress_lzss.c.obj (.text:decompress:lzss:__TI_decompress_lzss)
                  0000346c    00000068                                   : printf.c.obj (.text:printf)
                  000034d4    00000064                                   : s_frexp.c.obj (.text:frexp)
                  00003538    00000064                                   : fseek.c.obj (.text:fseek)
                  0000359c    00000062                                   : _io_perm.c.obj (.text:__TI_wrt_ok)
                  000035fe    00000002     --HOLE-- [fill = 0]
                  00003600    00000060                                   : hostopen.c.obj (.text:HOSTopen)
                  00003660    0000005c                                   : close.c.obj (.text:close)
                  000036bc    00000058                                   : hostread.c.obj (.text:HOSTread)
                  00003714    00000058                                   : hostwrite.c.obj (.text:HOSTwrite)
                  0000376c    00000004                                   : exit.c.obj (.text:abort:abort)
                  00003770    00000058     state.obj (.text)
                  000037c8    00000056     rtsv7M4_T_le_v4SPD16_eabi.lib : _printfi.c.obj (.text:_pconv_f)
                  0000381e    00000054                                   : ltoa.c.obj (.text:ltoa)
                  00003872    00000052                                   : _printfi.c.obj (.text:_ecpy)
                  000038c4    0000004c                                   : fflush.c.obj (.text:__TI_doflush)
                  00003910    0000004c                                   : atoi.c.obj (.text:atoi)
                  0000395c    00000048                                   : exit.c.obj (.text:exit)
                  000039a4    00000048                                   : fd_toi_t2.asm.obj (.text)
                  000039ec    00000044                                   : hostclose.c.obj (.text:HOSTclose)
                  00003a30    00000044                                   : hostunlink.c.obj (.text:HOSTunlink)
                  00003a74    00000044                                   : autoinit.c.obj (.text:__TI_auto_init_nobinit_nopinit:__TI_auto_init_nobinit_nopinit)
                  00003ab8    00000044                                   : getdevice.c.obj (.text:getdevice)
                  00003afc    0000003e                                   : _printfi.c.obj (.text:_fcpy)
                  00003b3a    00000006     --HOLE-- [fill = 0]
                  00003b40    0000003e     timer_config.obj (.text)
                  00003b7e    00000002     --HOLE-- [fill = 0]
                  00003b80    00000038     rtsv7M4_T_le_v4SPD16_eabi.lib : trgmsg.c.obj (.text:__TI_writemsg)
                  00003bb8    00000036                                   : strncpy.c.obj (.text:strncpy)
                  00003bee    00000002     --HOLE-- [fill = 0]
                  00003bf0    00000034                                   : fopen.c.obj (.text:__TI_cleanup)
                  00003c24    00000034                                   : trgmsg.c.obj (.text:__TI_readmsg)
                  00003c58    00000034                                   : boot_cortex_m.c.obj (.text:_c_int00_noargs:_c_int00_noargs)
                  00003c8c    00000030                                   : getdevice.c.obj (.text:finddevice)
                  00003cbc    0000002e                                   : i_tofd_t2.asm.obj (.text)
                  00003cea    00000002     --HOLE-- [fill = 0]
                  00003cec    0000002c                                   : unlink.c.obj (.text:unlink)
                  00003d18    0000002a     message.obj (.text)
                  00003d42    00000002     --HOLE-- [fill = 0]
                  00003d44    00000028     rtsv7M4_T_le_v4SPD16_eabi.lib : memory.c.obj (.text:free_list_insert)
                  00003d6c    00000028                                   : lseek.c.obj (.text:lseek)
                  00003d94    00000028                                   : write.c.obj (.text:write)
                  00003dbc    00000020                                   : memchr.c.obj (.text:memchr)
                  00003ddc    0000001c                                   : memory.c.obj (.text:free_list_remove)
                  00003df8    0000001c                                   : memccpy.c.obj (.text:memccpy)
                  00003e14    0000001a                                   : s_copysign.c.obj (.text:copysign)
                  00003e2e    00000018                                   : strcmp.c.obj (.text:strcmp)
                  00003e46    00000016                                   : strchr.c.obj (.text:strchr)
                  00003e5c    00000014                                   : strcpy.c.obj (.text:strcpy)
                  00003e70    00000014                                   : strlen.c.obj (.text:strlen)
                  00003e84    00000012                                   : copy_zero_init.c.obj (.text:decompress:ZI:__TI_zero_init_nomemset:__TI_zero_init_nomemset)
                  00003e96    00000002     --HOLE-- [fill = 0]
                  00003e98    00000012     startup_msp432p401r_ccs.obj (.text)
                  00003eaa    00000012     rtsv7M4_T_le_v4SPD16_eabi.lib : wcslen.c.obj (.text:wcslen)
                  00003ebc    0000000e                                   : copy_decompress_none.c.obj (.text:decompress:none:__TI_decompress_none)
                  00003eca    00000002     --HOLE-- [fill = 0]
                  00003ecc    00000008                                   : errno.c.obj (.text:__aeabi_errno_addr)
                  00003ed4    00000008                                   : memory.c.obj (.text:malloc)

.const     0    00003edc    00000168     
                  00003edc    00000101     rtsv7M4_T_le_v4SPD16_eabi.lib : ctype.c.obj (.const:.string:_ctypes_)
                  00003fdd    00000003     --HOLE-- [fill = 0]
                  00003fe0    0000000c     gpio_config.obj (.const:LEDTURNOFF_R)
                  00003fec    0000000c     gpio_config.obj (.const:encoding_out)
                  00003ff8    0000000c     gpio_config.obj (.const:greenLED)
                  00004004    0000000c     gpio_config.obj (.const:manchester)
                  00004010    0000000c     gpio_config.obj (.const:redLED)
                  0000401c    0000000c     gpio_config.obj (.const:rxd)
                  00004028    0000000c     gpio_config.obj (.const:yellowLED)
                  00004034    00000008     timer_config.obj (.const:MANCHESTER_TIMER)
                  0000403c    00000008     timer_config.obj (.const:TIMERA)

.cinit     0    00004048    000000a0     
                  00004048    00000076     (.cinit..data.load) [load image, compression = lzss]
                  000040be    00000002     --HOLE-- [fill = 0]
                  000040c0    0000000c     (__TI_handler_table)
                  000040cc    00000004     --HOLE-- [fill = 0]
                  000040d0    00000008     (.cinit..bss.load) [load image, compression = zero_init]
                  000040d8    00000010     (__TI_cinit_table)

.init_array 
*          0    00000000    00000000     UNINITIALIZED

.binit     0    00000000    00000000     

.sysmem    0    20000000    00000400     UNINITIALIZED
                  20000000    00000010     rtsv7M4_T_le_v4SPD16_eabi.lib : memory.c.obj (.sysmem)
                  20000010    000003f0     --HOLE--

.bss       0    20000400    000003e2     UNINITIALIZED
                  20000400    00000120     rtsv7M4_T_le_v4SPD16_eabi.lib : trgmsg.c.obj (.bss:_CIOBUF_)
                  20000520    00000108     (.common:buffer)
                  20000628    00000100     receiver.obj (.bss:receiving_storage)
                  20000728    000000a0     (.common:__TI_tmpnams)
                  200007c8    00000008     (.common:parmbuf)
                  200007d0    00000006     receiver.obj (.bss)
                  200007d6    00000002     uart.obj (.bss)
                  200007d8    00000004     (.common:current_message)
                  200007dc    00000002     (.common:buffer_size_used)
                  200007de    00000001     (.common:current_bit)
                  200007df    00000001     (.common:current_char)
                  200007e0    00000001     (.common:ready_to_transmit)
                  200007e1    00000001     (.common:state)

.data      0    200007e4    000001f4     UNINITIALIZED
                  200007e4    000000f0     rtsv7M4_T_le_v4SPD16_eabi.lib : defs.c.obj (.data:_ftable)
                  200008d4    00000078                                   : host_device.c.obj (.data:_device)
                  2000094c    00000050                                   : host_device.c.obj (.data:_stream)
                  2000099c    00000010                                   : defs.c.obj (.data)
                  200009ac    0000000c                                   : exit.c.obj (.data:$O1$$)
                  200009b8    00000008                                   : _lock.c.obj (.data:$O1$$)
                  200009c0    00000008                                   : memory.c.obj (.data:$O1$$)
                  200009c8    00000006     transmitter.obj (.data)
                  200009ce    00000001     receiver.obj (.data)
                  200009cf    00000001     --HOLE--
                  200009d0    00000004     rtsv7M4_T_le_v4SPD16_eabi.lib : errno.c.obj (.data)
                  200009d4    00000004     system_msp432p401r.obj (.data)

.stack     0    2000fe00    00000200     UNINITIALIZED
                  2000fe00    00000004     rtsv7M4_T_le_v4SPD16_eabi.lib : boot_cortex_m.c.obj (.stack)
                  2000fe04    000001fc     --HOLE--

MODULE SUMMARY

       Module                        code    ro data   rw data
       ------                        ----    -------   -------
    .\
       receiver.obj                  812     0         526    
       uart.obj                      648     0         534    
       system_msp432p401r.obj        942     0         8      
       main.obj                      626     0         2      
       transmitter.obj               502     0         28     
       gpio.obj                      474     0         0      
       timer.obj                     446     0         0      
       gpio_config.obj               232     84        0      
       startup_msp432p401r_ccs.obj   18      228       0      
       ledbank.obj                   224     0         0      
       state.obj                     88      0         0      
       timer_config.obj              62      16        0      
       message.obj                   42      0         0      
    +--+-----------------------------+-------+---------+---------+
       Total:                        5116    328       1098   
                                                              
    C:\ti\ccs901\ccs\tools\compiler\ti-cgt-arm_18.12.1.LTS\lib\rtsv7M4_T_le_v4SPD16_eabi.lib
       _printfi.c.obj                4851    0         0      
       defs.c.obj                    0       0         832    
       memory.c.obj                  676     0         16     
       trgmsg.c.obj                  108     0         576    
       fd_add_t2.asm.obj             438     0         0      
       host_device.c.obj             0       0         400    
       fd_div_t2.asm.obj             310     0         0      
       fputs.c.obj                   276     0         0      
       s_scalbn.c.obj                272     0         0      
       fd_cmp_t2.asm.obj             268     0         0      
       ctype.c.obj                   0       257       0      
       fd_mul_t2.asm.obj             252     0         0      
       setvbuf.c.obj                 220     0         0      
       memcpy_t2.asm.obj             156     0         0      
       ull_div_t2.asm.obj            150     0         0      
       fputc.c.obj                   140     0         0      
       memset_t2.asm.obj             122     0         0      
       fclose.c.obj                  116     0         0      
       getdevice.c.obj               116     0         0      
       hostopen.c.obj                96      0         16     
       printf.c.obj                  112     0         0      
       copy_decompress_lzss.c.obj    104     0         0      
       hostlseek.c.obj               104     0         0      
       hostrename.c.obj              104     0         0      
       exit.c.obj                    76      0         24     
       fseek.c.obj                   100     0         0      
       s_frexp.c.obj                 100     0         0      
       _io_perm.c.obj                98      0         0      
       close.c.obj                   92      0         0      
       hostread.c.obj                88      0         0      
       hostwrite.c.obj               88      0         0      
       ltoa.c.obj                    84      0         0      
       atoi.c.obj                    76      0         0      
       fflush.c.obj                  76      0         0      
       fd_toi_t2.asm.obj             72      0         0      
       autoinit.c.obj                68      0         0      
       hostclose.c.obj               68      0         0      
       hostunlink.c.obj              68      0         0      
       strncpy.c.obj                 54      0         0      
       boot_cortex_m.c.obj           52      0         0      
       fopen.c.obj                   52      0         0      
       i_tofd_t2.asm.obj             46      0         0      
       unlink.c.obj                  44      0         0      
       lseek.c.obj                   40      0         0      
       write.c.obj                   40      0         0      
       memchr.c.obj                  32      0         0      
       memccpy.c.obj                 28      0         0      
       s_copysign.c.obj              26      0         0      
       strcmp.c.obj                  24      0         0      
       strchr.c.obj                  22      0         0      
       strcpy.c.obj                  20      0         0      
       strlen.c.obj                  20      0         0      
       _lock.c.obj                   2       0         16     
       copy_zero_init.c.obj          18      0         0      
       wcslen.c.obj                  18      0         0      
       errno.c.obj                   8       0         8      
       copy_decompress_none.c.obj    14      0         0      
       pre_init.c.obj                4       0         0      
       div0.asm.obj                  2       0         0      
    +--+-----------------------------+-------+---------+---------+
       Total:                        10711   257       1888   
                                                              
       Heap:                         0       0         2048   
       Stack:                        0       0         1024   
       Linker Generated:             0       154       0      
    +--+-----------------------------+-------+---------+---------+
       Grand Total:                  15827   739       6058   


LINKER GENERATED COPY TABLES

__TI_cinit_table @ 000040d8 records: 2, size/record: 8, table size: 16
	.data: load addr=00004048, load size=00000076 bytes, run addr=200007e4, run size=000001f4 bytes, compression=lzss
	.bss: load addr=000040d0, load size=00000008 bytes, run addr=20000400, run size=000003e2 bytes, compression=zero_init


LINKER GENERATED HANDLER TABLE

__TI_handler_table @ 000040c0 records: 3, size/record: 4, table size: 12
	index: 0, handler: __TI_decompress_lzss
	index: 1, handler: __TI_decompress_none
	index: 2, handler: __TI_zero_init


GLOBAL SYMBOLS: SORTED ALPHABETICALLY BY Name 

address   name                           
-------   ----                           
00003ea9  ADC14_IRQHandler               
00003ea9  AES256_IRQHandler              
00003ea9  BusFault_Handler               
0000376d  C$$EXIT                        
00003baf  C$$IO$$                        
00003ea9  COMP_E0_IRQHandler             
00003ea9  COMP_E1_IRQHandler             
00003ea9  CS_IRQHandler                  
00003ea9  DMA_ERR_IRQHandler             
00003ea9  DMA_INT0_IRQHandler            
00003ea9  DMA_INT1_IRQHandler            
00003ea9  DMA_INT2_IRQHandler            
00003ea9  DMA_INT3_IRQHandler            
00003ea9  DebugMon_Handler               
00003ea9  Default_Handler                
00001429  EUSCIA0_IRQHandler             
00001429  EUSCIA0_IRQHandler             
00003ea9  EUSCIA1_IRQHandler             
00003ea9  EUSCIA2_IRQHandler             
00003ea9  EUSCIA3_IRQHandler             
00003ea9  EUSCIB0_IRQHandler             
00003ea9  EUSCIB1_IRQHandler             
00003ea9  EUSCIB2_IRQHandler             
00003ea9  EUSCIB3_IRQHandler             
00003ea9  FLCTL_IRQHandler               
00003ea9  FPU_IRQHandler                 
000039ed  HOSTclose                      
00003335  HOSTlseek                      
00003601  HOSTopen                       
000036bd  HOSTread                       
0000339d  HOSTrename                     
00003a31  HOSTunlink                     
00003715  HOSTwrite                      
00003ea9  HardFault_Handler              
00003fe0  LEDTURNOFF_R                   
00004034  MANCHESTER_TIMER               
00003ea9  MemManage_Handler              
00003ea9  NMI_Handler                    
00003ea9  PCM_IRQHandler                 
00002bf9  PORT1_IRQHandler               
00002bf9  PORT1_IRQHandler               
00002b39  PORT2_IRQHandler               
00002b39  PORT2_IRQHandler               
00003ea9  PORT3_IRQHandler               
00003ea9  PORT4_IRQHandler               
00003ea9  PORT5_IRQHandler               
00003ea9  PORT6_IRQHandler               
00003ea9  PSS_IRQHandler                 
00003ea9  PendSV_Handler                 
00003ea9  RTC_C_IRQHandler               
00003e99  Reset_Handler                  
00003ea9  SVC_Handler                    
00003ea9  SysTick_Handler                
200009d4  SystemCoreClock                
00000bb9  SystemCoreClockUpdate          
00000b39  SystemInit                     
00003ea9  T32_INT1_IRQHandler            
00003ea9  T32_INT2_IRQHandler            
00003ea9  T32_INTC_IRQHandler            
00003b41  TA0_0_IRQHandler               
00003b41  TA0_0_IRQHandler               
00003ea9  TA0_N_IRQHandler               
00001a79  TA1_0_IRQHandler               
00001a79  TA1_0_IRQHandler               
00003ea9  TA1_N_IRQHandler               
00003ea9  TA2_0_IRQHandler               
00003ea9  TA2_N_IRQHandler               
00003ea9  TA3_0_IRQHandler               
00003ea9  TA3_N_IRQHandler               
0000403c  TIMERA                         
00003ea9  UsageFault_Handler             
4000480c  WDTCTL_SYM                     
00003ea9  WDT_A_IRQHandler               
20000400  __CIOBUF_                      
20010000  __STACK_END                    
00000200  __STACK_SIZE                   
00000400  __SYSMEM_SIZE                  
000040d8  __TI_CINIT_Base                
000040e8  __TI_CINIT_Limit               
000040c0  __TI_Handler_Table_Base        
000040cc  __TI_Handler_Table_Limit       
00003a75  __TI_auto_init_nobinit_nopinit 
00003bf1  __TI_cleanup                   
200009ac  __TI_cleanup_ptr               
00003251  __TI_closefile                 
00003405  __TI_decompress_lzss           
00003ebd  __TI_decompress_none           
000038c5  __TI_doflush                   
200009b0  __TI_dtors_ptr                 
200009b4  __TI_enable_exit_profile_output
2000099c  __TI_ft_end                    
ffffffff  __TI_pprof_out_hndl            
000000e9  __TI_printfi                   
ffffffff  __TI_prof_data_size            
ffffffff  __TI_prof_data_start           
00003c25  __TI_readmsg                   
00000000  __TI_static_base__             
20000728  __TI_tmpnams                   
00003b81  __TI_writemsg                  
0000359d  __TI_wrt_ok                    
00003e85  __TI_zero_init_nomemset        
0000304d  __aeabi_cdcmpeq                
0000304d  __aeabi_cdcmple                
000030d3  __aeabi_cdrcmple               
000039a5  __aeabi_d2iz                   
000020f9  __aeabi_dadd                   
000023e1  __aeabi_ddiv                   
00002861  __aeabi_dmul                   
000020ef  __aeabi_dsub                   
00003ecd  __aeabi_errno_addr             
00003cbd  __aeabi_i2d                    
00000ee7  __aeabi_idiv0                  
00000ee7  __aeabi_ldiv0                  
000031d5  __aeabi_memclr                 
000031d5  __aeabi_memclr4                
000031d5  __aeabi_memclr8                
00002e8f  __aeabi_memcpy                 
00002e8f  __aeabi_memcpy4                
00002e8f  __aeabi_memcpy8                
000031d7  __aeabi_memset                 
000031d7  __aeabi_memset4                
000031d7  __aeabi_memset8                
200009a8  __aeabi_stderr                 
200009a0  __aeabi_stdin                  
200009a4  __aeabi_stdout                 
00002f2b  __aeabi_uldivmod               
ffffffff  __binit__                      
ffffffff  __c_args__                     
UNDEFED   __mpu_init                     
2000fe00  __stack                        
00003c59  _c_int00_noargs                
00003edc  _ctypes_                       
200008d4  _device                        
200007e4  _ftable                        
200009b8  _lock                          
00000b37  _nop                           
2000094c  _stream                        
20000000  _sys_memory                    
UNDEFED   _system_post_cinit             
00001f2d  _system_pre_init               
200009bc  _unlock                        
0000376d  abort                          
0000295d  aligned_alloc                  
00003911  atoi                           
ffffffff  binit                          
20000520  buffer                         
200007dc  buffer_size_used               
00003661  close                          
00001579  configure_clock                
00001141  configure_receiver             
00001129  continue_receiving             
00003e15  copysign                       
00003e15  copysignl                      
200007de  current_bit                    
200007df  current_char                   
200007d8  current_message                
000020a9  enable_timer_interrupt         
00003fec  encoding_out                   
200009d0  errno                          
00001549  error                          
0000395d  exit                           
00003c8d  finddevice                     
00000f09  finish_receiving               
00002fc1  fputc                          
0000263d  fputs                          
00002a51  free                           
000034d5  frexp                          
000034d5  frexpl                         
00003539  fseek                          
00001119  get_receive_half_bit           
00003ab9  getdevice                      
00001b81  gpio_access                    
00001d49  gpio_clear                     
00001cf9  gpio_init                      
00001cc9  gpio_read                      
00001cb1  gpio_set                       
00001c09  gpio_set_interrupt             
00001bf1  gpio_toggle                    
00003ff8  greenLED                       
200009ca  int_left                       
00000000  interruptVectors               
00002751  ldexp                          
00002751  ldexpl                         
00002cd9  led_busy_mode                  
00002cb1  led_collision_mode             
00002c89  led_idle_mode                  
00002c21  led_init                       
00001a49  load_buffer                    
00003d6d  lseek                          
0000381f  ltoa                           
00001651  main                           
000014d9  main_program                   
00003ed5  malloc                         
00004004  manchester                     
0000295d  memalign                       
00003df9  memccpy                        
00003dbd  memchr                         
00002e8f  memcpy                         
000031dd  memset                         
00003d19  message_setup                  
200009c9  on_interval                    
200007c8  parmbuf                        
00001109  pause_receiving                
00001a31  pause_transmit                 
0000346d  printf                         
00002fc1  putc                           
200007e0  ready_to_transmit              
000010f9  receive_half_bit               
00001031  receive_new_bit                
00004010  redLED                         
200009cc  remainder                      
00003ced  remove                         
0000401c  rxd                            
00002751  scalbn                         
00002751  scalbnl                        
00002099  set_timer_compare              
00002d01  setvbuf                        
00000ee9  start_receiving                
00002079  start_timer                    
00001989  start_transmit                 
200007e1  state                          
00002069  stop_timer                     
00003e47  strchr                         
00003e2f  strcmp                         
00003e5d  strcpy                         
00003e71  strlen                         
00003bb9  strncpy                        
000014a1  test_master_clock              
00001f41  timer_access                   
00001f79  timer_init                     
00001f31  timer_read                     
000037a1  transition_busy                
00003789  transition_collision           
00003771  transition_idle                
200009c8  transmitting                   
00001219  uart_access                    
000012a9  uart_config                    
00001299  uart_read                      
00001249  uart_start_receiving           
00003ced  unlink                         
00001a19  unpause_transmit               
00003eab  wcslen                         
00003d95  write                          
00004028  yellowLED                      


GLOBAL SYMBOLS: SORTED BY Symbol Address 

address   name                           
-------   ----                           
00000000  __TI_static_base__             
00000000  interruptVectors               
000000e9  __TI_printfi                   
00000200  __STACK_SIZE                   
00000400  __SYSMEM_SIZE                  
00000b37  _nop                           
00000b39  SystemInit                     
00000bb9  SystemCoreClockUpdate          
00000ee7  __aeabi_idiv0                  
00000ee7  __aeabi_ldiv0                  
00000ee9  start_receiving                
00000f09  finish_receiving               
00001031  receive_new_bit                
000010f9  receive_half_bit               
00001109  pause_receiving                
00001119  get_receive_half_bit           
00001129  continue_receiving             
00001141  configure_receiver             
00001219  uart_access                    
00001249  uart_start_receiving           
00001299  uart_read                      
000012a9  uart_config                    
00001429  EUSCIA0_IRQHandler             
00001429  EUSCIA0_IRQHandler             
000014a1  test_master_clock              
000014d9  main_program                   
00001549  error                          
00001579  configure_clock                
00001651  main                           
00001989  start_transmit                 
00001a19  unpause_transmit               
00001a31  pause_transmit                 
00001a49  load_buffer                    
00001a79  TA1_0_IRQHandler               
00001a79  TA1_0_IRQHandler               
00001b81  gpio_access                    
00001bf1  gpio_toggle                    
00001c09  gpio_set_interrupt             
00001cb1  gpio_set                       
00001cc9  gpio_read                      
00001cf9  gpio_init                      
00001d49  gpio_clear                     
00001f2d  _system_pre_init               
00001f31  timer_read                     
00001f41  timer_access                   
00001f79  timer_init                     
00002069  stop_timer                     
00002079  start_timer                    
00002099  set_timer_compare              
000020a9  enable_timer_interrupt         
000020ef  __aeabi_dsub                   
000020f9  __aeabi_dadd                   
000023e1  __aeabi_ddiv                   
0000263d  fputs                          
00002751  ldexp                          
00002751  ldexpl                         
00002751  scalbn                         
00002751  scalbnl                        
00002861  __aeabi_dmul                   
0000295d  aligned_alloc                  
0000295d  memalign                       
00002a51  free                           
00002b39  PORT2_IRQHandler               
00002b39  PORT2_IRQHandler               
00002bf9  PORT1_IRQHandler               
00002bf9  PORT1_IRQHandler               
00002c21  led_init                       
00002c89  led_idle_mode                  
00002cb1  led_collision_mode             
00002cd9  led_busy_mode                  
00002d01  setvbuf                        
00002e8f  __aeabi_memcpy                 
00002e8f  __aeabi_memcpy4                
00002e8f  __aeabi_memcpy8                
00002e8f  memcpy                         
00002f2b  __aeabi_uldivmod               
00002fc1  fputc                          
00002fc1  putc                           
0000304d  __aeabi_cdcmpeq                
0000304d  __aeabi_cdcmple                
000030d3  __aeabi_cdrcmple               
000031d5  __aeabi_memclr                 
000031d5  __aeabi_memclr4                
000031d5  __aeabi_memclr8                
000031d7  __aeabi_memset                 
000031d7  __aeabi_memset4                
000031d7  __aeabi_memset8                
000031dd  memset                         
00003251  __TI_closefile                 
00003335  HOSTlseek                      
0000339d  HOSTrename                     
00003405  __TI_decompress_lzss           
0000346d  printf                         
000034d5  frexp                          
000034d5  frexpl                         
00003539  fseek                          
0000359d  __TI_wrt_ok                    
00003601  HOSTopen                       
00003661  close                          
000036bd  HOSTread                       
00003715  HOSTwrite                      
0000376d  C$$EXIT                        
0000376d  abort                          
00003771  transition_idle                
00003789  transition_collision           
000037a1  transition_busy                
0000381f  ltoa                           
000038c5  __TI_doflush                   
00003911  atoi                           
0000395d  exit                           
000039a5  __aeabi_d2iz                   
000039ed  HOSTclose                      
00003a31  HOSTunlink                     
00003a75  __TI_auto_init_nobinit_nopinit 
00003ab9  getdevice                      
00003b41  TA0_0_IRQHandler               
00003b41  TA0_0_IRQHandler               
00003b81  __TI_writemsg                  
00003baf  C$$IO$$                        
00003bb9  strncpy                        
00003bf1  __TI_cleanup                   
00003c25  __TI_readmsg                   
00003c59  _c_int00_noargs                
00003c8d  finddevice                     
00003cbd  __aeabi_i2d                    
00003ced  remove                         
00003ced  unlink                         
00003d19  message_setup                  
00003d6d  lseek                          
00003d95  write                          
00003dbd  memchr                         
00003df9  memccpy                        
00003e15  copysign                       
00003e15  copysignl                      
00003e2f  strcmp                         
00003e47  strchr                         
00003e5d  strcpy                         
00003e71  strlen                         
00003e85  __TI_zero_init_nomemset        
00003e99  Reset_Handler                  
00003ea9  ADC14_IRQHandler               
00003ea9  AES256_IRQHandler              
00003ea9  BusFault_Handler               
00003ea9  COMP_E0_IRQHandler             
00003ea9  COMP_E1_IRQHandler             
00003ea9  CS_IRQHandler                  
00003ea9  DMA_ERR_IRQHandler             
00003ea9  DMA_INT0_IRQHandler            
00003ea9  DMA_INT1_IRQHandler            
00003ea9  DMA_INT2_IRQHandler            
00003ea9  DMA_INT3_IRQHandler            
00003ea9  DebugMon_Handler               
00003ea9  Default_Handler                
00003ea9  EUSCIA1_IRQHandler             
00003ea9  EUSCIA2_IRQHandler             
00003ea9  EUSCIA3_IRQHandler             
00003ea9  EUSCIB0_IRQHandler             
00003ea9  EUSCIB1_IRQHandler             
00003ea9  EUSCIB2_IRQHandler             
00003ea9  EUSCIB3_IRQHandler             
00003ea9  FLCTL_IRQHandler               
00003ea9  FPU_IRQHandler                 
00003ea9  HardFault_Handler              
00003ea9  MemManage_Handler              
00003ea9  NMI_Handler                    
00003ea9  PCM_IRQHandler                 
00003ea9  PORT3_IRQHandler               
00003ea9  PORT4_IRQHandler               
00003ea9  PORT5_IRQHandler               
00003ea9  PORT6_IRQHandler               
00003ea9  PSS_IRQHandler                 
00003ea9  PendSV_Handler                 
00003ea9  RTC_C_IRQHandler               
00003ea9  SVC_Handler                    
00003ea9  SysTick_Handler                
00003ea9  T32_INT1_IRQHandler            
00003ea9  T32_INT2_IRQHandler            
00003ea9  T32_INTC_IRQHandler            
00003ea9  TA0_N_IRQHandler               
00003ea9  TA1_N_IRQHandler               
00003ea9  TA2_0_IRQHandler               
00003ea9  TA2_N_IRQHandler               
00003ea9  TA3_0_IRQHandler               
00003ea9  TA3_N_IRQHandler               
00003ea9  UsageFault_Handler             
00003ea9  WDT_A_IRQHandler               
00003eab  wcslen                         
00003ebd  __TI_decompress_none           
00003ecd  __aeabi_errno_addr             
00003ed5  malloc                         
00003edc  _ctypes_                       
00003fe0  LEDTURNOFF_R                   
00003fec  encoding_out                   
00003ff8  greenLED                       
00004004  manchester                     
00004010  redLED                         
0000401c  rxd                            
00004028  yellowLED                      
00004034  MANCHESTER_TIMER               
0000403c  TIMERA                         
000040c0  __TI_Handler_Table_Base        
000040cc  __TI_Handler_Table_Limit       
000040d8  __TI_CINIT_Base                
000040e8  __TI_CINIT_Limit               
20000000  _sys_memory                    
20000400  __CIOBUF_                      
20000520  buffer                         
20000728  __TI_tmpnams                   
200007c8  parmbuf                        
200007d8  current_message                
200007dc  buffer_size_used               
200007de  current_bit                    
200007df  current_char                   
200007e0  ready_to_transmit              
200007e1  state                          
200007e4  _ftable                        
200008d4  _device                        
2000094c  _stream                        
2000099c  __TI_ft_end                    
200009a0  __aeabi_stdin                  
200009a4  __aeabi_stdout                 
200009a8  __aeabi_stderr                 
200009ac  __TI_cleanup_ptr               
200009b0  __TI_dtors_ptr                 
200009b4  __TI_enable_exit_profile_output
200009b8  _lock                          
200009bc  _unlock                        
200009c8  transmitting                   
200009c9  on_interval                    
200009ca  int_left                       
200009cc  remainder                      
200009d0  errno                          
200009d4  SystemCoreClock                
2000fe00  __stack                        
20010000  __STACK_END                    
4000480c  WDTCTL_SYM                     
ffffffff  __TI_pprof_out_hndl            
ffffffff  __TI_prof_data_size            
ffffffff  __TI_prof_data_start           
ffffffff  __binit__                      
ffffffff  __c_args__                     
ffffffff  binit                          
UNDEFED   __mpu_init                     
UNDEFED   _system_post_cinit             

[244 symbols]
