******************************************************************************
                  TI ARM Linker PC v18.12.1                    
******************************************************************************
>> Linked Thu Oct  3 16:24:43 2019

OUTPUT FILE NAME:   <newnetworkingplatform.out>
ENTRY POINT SYMBOL: "_c_int00_noargs"  address: 00000c6d


MEMORY CONFIGURATION

         name            origin    length      used     unused   attr    fill
----------------------  --------  ---------  --------  --------  ----  --------
  MAIN                  00000000   00040000  00000d86  0003f27a  R  X
  INFO                  00200000   00004000  00000000  00004000  R  X
  SRAM_CODE             01000000   00010000  00000205  0000fdfb  RW X
  SRAM_DATA             20000000   00010000  00000205  0000fdfb  RW  


SEGMENT ALLOCATION MAP

run origin  load origin   length   init length attrs members
----------  ----------- ---------- ----------- ----- -------
00000000    00000000    00000d88   00000d88    r-x
  00000000    00000000    000000e4   000000e4    r-- .intvecs
  000000e4    000000e4    00000c22   00000c22    r-x .text
  00000d08    00000d08    00000050   00000050    r-- .const
  00000d58    00000d58    00000030   00000030    r-- .cinit
20000000    20000000    00000005   00000000    rw-
  20000000    20000000    00000004   00000000    rw- .data
  20000004    20000004    00000001   00000000    rw- .bss
2000fe00    2000fe00    00000200   00000000    rw-
  2000fe00    2000fe00    00000200   00000000    rw- .stack


SECTION ALLOCATION MAP

 output                                  attributes/
section   page    origin      length       input sections
--------  ----  ----------  ----------   ----------------
.intvecs   0    00000000    000000e4     
                  00000000    000000e4     startup_msp432p401r_ccs.obj (.intvecs:retain)

.text      0    000000e4    00000c22     
                  000000e4    00000334     system_msp432p401r.obj (.text)
                  00000418    00000238     gpio.obj (.text)
                  00000650    00000208     timer.obj (.text)
                  00000858    000001a8     main.obj (.text)
                  00000a00    0000009c     rtsv7M4_T_le_v4SPD16_eabi.lib : memcpy_t2.asm.obj (.text)
                  00000a9c    00000098     ledbank.obj (.text)
                  00000b34    00000068     rtsv7M4_T_le_v4SPD16_eabi.lib : copy_decompress_lzss.c.obj (.text:decompress:lzss:__TI_decompress_lzss)
                  00000b9c    00000054     gpio_config.obj (.text)
                  00000bf0    00000044     rtsv7M4_T_le_v4SPD16_eabi.lib : autoinit.c.obj (.text:__TI_auto_init_nobinit_nopinit:__TI_auto_init_nobinit_nopinit)
                  00000c34    00000038     state.obj (.text)
                  00000c6c    00000034     rtsv7M4_T_le_v4SPD16_eabi.lib : boot_cortex_m.c.obj (.text:_c_int00_noargs:_c_int00_noargs)
                  00000ca0    00000030     timer_config.obj (.text)
                  00000cd0    00000012     rtsv7M4_T_le_v4SPD16_eabi.lib : copy_zero_init.c.obj (.text:decompress:ZI:__TI_zero_init_nomemset:__TI_zero_init_nomemset)
                  00000ce2    0000000e                                   : copy_decompress_none.c.obj (.text:decompress:none:__TI_decompress_none)
                  00000cf0    0000000e     startup_msp432p401r_ccs.obj (.text)
                  00000cfe    00000004     rtsv7M4_T_le_v4SPD16_eabi.lib : pre_init.c.obj (.text:_system_pre_init)
                  00000d02    00000004                                   : exit.c.obj (.text:abort:abort)

.const     0    00000d08    00000050     
                  00000d08    0000000c     gpio_config.obj (.const:LEDTURNOFF_B)
                  00000d14    0000000c     gpio_config.obj (.const:LEDTURNOFF_R)
                  00000d20    0000000c     gpio_config.obj (.const:greenLED)
                  00000d2c    0000000c     gpio_config.obj (.const:manchester)
                  00000d38    0000000c     gpio_config.obj (.const:redLED)
                  00000d44    0000000c     gpio_config.obj (.const:yellowLED)
                  00000d50    00000008     timer_config.obj (.const:TIMERA)

.cinit     0    00000d58    00000030     
                  00000d58    0000000c     (__TI_handler_table)
                  00000d64    00000004     --HOLE-- [fill = 0]
                  00000d68    00000008     (.cinit..bss.load) [load image, compression = zero_init]
                  00000d70    00000008     (.cinit..data.load) [load image, compression = lzss]
                  00000d78    00000010     (__TI_cinit_table)

.init_array 
*          0    00000000    00000000     UNINITIALIZED

.binit     0    00000000    00000000     

.data      0    20000000    00000004     UNINITIALIZED
                  20000000    00000004     system_msp432p401r.obj (.data)

.bss       0    20000004    00000001     UNINITIALIZED
                  20000004    00000001     (.common:state)

.stack     0    2000fe00    00000200     UNINITIALIZED
                  2000fe00    00000004     rtsv7M4_T_le_v4SPD16_eabi.lib : boot_cortex_m.c.obj (.stack)
                  2000fe04    000001fc     --HOLE--

MODULE SUMMARY

       Module                        code   ro data   rw data
       ------                        ----   -------   -------
    .\
       system_msp432p401r.obj        820    0         8      
       gpio.obj                      568    0         0      
       timer.obj                     520    0         0      
       main.obj                      424    0         2      
       startup_msp432p401r_ccs.obj   14     228       0      
       gpio_config.obj               84     72        0      
       ledbank.obj                   152    0         0      
       state.obj                     56     0         0      
       timer_config.obj              48     8         0      
    +--+-----------------------------+------+---------+---------+
       Total:                        2686   308       10     
                                                             
    C:\ti\ccs901\ccs\tools\compiler\ti-cgt-arm_18.12.1.LTS\lib\rtsv7M4_T_le_v4SPD16_eabi.lib
       memcpy_t2.asm.obj             156    0         0      
       copy_decompress_lzss.c.obj    104    0         0      
       autoinit.c.obj                68     0         0      
       boot_cortex_m.c.obj           52     0         0      
       copy_zero_init.c.obj          18     0         0      
       copy_decompress_none.c.obj    14     0         0      
       exit.c.obj                    4      0         0      
       pre_init.c.obj                4      0         0      
    +--+-----------------------------+------+---------+---------+
       Total:                        420    0         0      
                                                             
       Stack:                        0      0         1024   
       Linker Generated:             0      44        0      
    +--+-----------------------------+------+---------+---------+
       Grand Total:                  3106   352       1034   


LINKER GENERATED COPY TABLES

__TI_cinit_table @ 00000d78 records: 2, size/record: 8, table size: 16
	.bss: load addr=00000d68, load size=00000008 bytes, run addr=20000004, run size=00000001 bytes, compression=zero_init
	.data: load addr=00000d70, load size=00000008 bytes, run addr=20000000, run size=00000004 bytes, compression=lzss


LINKER GENERATED HANDLER TABLE

__TI_handler_table @ 00000d58 records: 3, size/record: 4, table size: 12
	index: 0, handler: __TI_decompress_lzss
	index: 1, handler: __TI_decompress_none
	index: 2, handler: __TI_zero_init


GLOBAL SYMBOLS: SORTED ALPHABETICALLY BY Name 

address   name                          
-------   ----                          
00000cfd  ADC14_IRQHandler              
00000cfd  AES256_IRQHandler             
00000cfd  BusFault_Handler              
00000d03  C$$EXIT                       
00000cfd  COMP_E0_IRQHandler            
00000cfd  COMP_E1_IRQHandler            
00000cfd  CS_IRQHandler                 
00000cfd  DMA_ERR_IRQHandler            
00000cfd  DMA_INT0_IRQHandler           
00000cfd  DMA_INT1_IRQHandler           
00000cfd  DMA_INT2_IRQHandler           
00000cfd  DMA_INT3_IRQHandler           
00000cfd  DebugMon_Handler              
00000cfd  Default_Handler               
00000cfd  EUSCIA0_IRQHandler            
00000cfd  EUSCIA1_IRQHandler            
00000cfd  EUSCIA2_IRQHandler            
00000cfd  EUSCIA3_IRQHandler            
00000cfd  EUSCIB0_IRQHandler            
00000cfd  EUSCIB1_IRQHandler            
00000cfd  EUSCIB2_IRQHandler            
00000cfd  EUSCIB3_IRQHandler            
00000cfd  FLCTL_IRQHandler              
00000cfd  FPU_IRQHandler                
00000cfd  HardFault_Handler             
00000d08  LEDTURNOFF_B                  
00000d14  LEDTURNOFF_R                  
00000cfd  MemManage_Handler             
00000cfd  NMI_Handler                   
00000cfd  PCM_IRQHandler                
00000b9d  PORT1_IRQHandler              
00000b9d  PORT1_IRQHandler              
00000b9f  PORT2_IRQHandler              
00000b9f  PORT2_IRQHandler              
00000cfd  PORT3_IRQHandler              
00000cfd  PORT4_IRQHandler              
00000cfd  PORT5_IRQHandler              
00000cfd  PORT6_IRQHandler              
00000cfd  PSS_IRQHandler                
00000cfd  PendSV_Handler                
00000cfd  RTC_C_IRQHandler              
00000cf1  Reset_Handler                 
00000cfd  SVC_Handler                   
00000cfd  SysTick_Handler               
20000000  SystemCoreClock               
000000e5  SystemCoreClockUpdate         
0000035d  SystemInit                    
00000cfd  T32_INT1_IRQHandler           
00000cfd  T32_INT2_IRQHandler           
00000cfd  T32_INTC_IRQHandler           
00000ca1  TA0_0_IRQHandler              
00000ca1  TA0_0_IRQHandler              
00000cfd  TA0_N_IRQHandler              
00000cfd  TA1_0_IRQHandler              
00000cfd  TA1_N_IRQHandler              
00000cfd  TA2_0_IRQHandler              
00000cfd  TA2_N_IRQHandler              
00000cfd  TA3_0_IRQHandler              
00000cfd  TA3_N_IRQHandler              
00000d50  TIMERA                        
00000cfd  UsageFault_Handler            
4000480c  WDTCTL_SYM                    
00000cfd  WDT_A_IRQHandler              
20010000  __STACK_END                   
00000200  __STACK_SIZE                  
00000d78  __TI_CINIT_Base               
00000d88  __TI_CINIT_Limit              
00000d58  __TI_Handler_Table_Base       
00000d64  __TI_Handler_Table_Limit      
00000bf1  __TI_auto_init_nobinit_nopinit
00000b35  __TI_decompress_lzss          
00000ce3  __TI_decompress_none          
ffffffff  __TI_pprof_out_hndl           
ffffffff  __TI_prof_data_size           
ffffffff  __TI_prof_data_start          
00000000  __TI_static_base__            
00000cd1  __TI_zero_init_nomemset       
00000a01  __aeabi_memcpy                
00000a01  __aeabi_memcpy4               
00000a01  __aeabi_memcpy8               
ffffffff  __binit__                     
ffffffff  __c_args__                    
UNDEFED   __mpu_init                    
2000fe00  __stack                       
00000c6d  _c_int00_noargs               
UNDEFED   _system_post_cinit            
00000cff  _system_pre_init              
00000d03  abort                         
ffffffff  binit                         
000008ef  configure_clock               
000006d7  enable_timer_interrupt        
000008c7  error                         
00000419  gpio_access                   
00000515  gpio_clear                    
000004ab  gpio_init                     
000005fd  gpio_read                     
000004fb  gpio_set                      
0000052f  gpio_set_interrupt            
000005e5  gpio_toggle                   
00000d20  greenLED                      
00000000  interruptVectors              
00000af3  led_busy_mode                 
00000b09  led_collision_mode            
00000add  led_idle_mode                 
00000a9d  led_init                      
00000885  main                          
00000d2c  manchester                    
00000a01  memcpy                        
00000d38  redLED                        
0000070f  set_timer_compare             
0000072f  start_timer                   
20000004  state                         
00000751  stop_timer                    
00000997  test_master_clock             
0000067d  timer_access                  
00000763  timer_init                    
00000c43  transition_busy               
00000c57  transition_collision          
00000c35  transition_idle               
00000d44  yellowLED                     


GLOBAL SYMBOLS: SORTED BY Symbol Address 

address   name                          
-------   ----                          
00000000  __TI_static_base__            
00000000  interruptVectors              
000000e5  SystemCoreClockUpdate         
00000200  __STACK_SIZE                  
0000035d  SystemInit                    
00000419  gpio_access                   
000004ab  gpio_init                     
000004fb  gpio_set                      
00000515  gpio_clear                    
0000052f  gpio_set_interrupt            
000005e5  gpio_toggle                   
000005fd  gpio_read                     
0000067d  timer_access                  
000006d7  enable_timer_interrupt        
0000070f  set_timer_compare             
0000072f  start_timer                   
00000751  stop_timer                    
00000763  timer_init                    
00000885  main                          
000008c7  error                         
000008ef  configure_clock               
00000997  test_master_clock             
00000a01  __aeabi_memcpy                
00000a01  __aeabi_memcpy4               
00000a01  __aeabi_memcpy8               
00000a01  memcpy                        
00000a9d  led_init                      
00000add  led_idle_mode                 
00000af3  led_busy_mode                 
00000b09  led_collision_mode            
00000b35  __TI_decompress_lzss          
00000b9d  PORT1_IRQHandler              
00000b9d  PORT1_IRQHandler              
00000b9f  PORT2_IRQHandler              
00000b9f  PORT2_IRQHandler              
00000bf1  __TI_auto_init_nobinit_nopinit
00000c35  transition_idle               
00000c43  transition_busy               
00000c57  transition_collision          
00000c6d  _c_int00_noargs               
00000ca1  TA0_0_IRQHandler              
00000ca1  TA0_0_IRQHandler              
00000cd1  __TI_zero_init_nomemset       
00000ce3  __TI_decompress_none          
00000cf1  Reset_Handler                 
00000cfd  ADC14_IRQHandler              
00000cfd  AES256_IRQHandler             
00000cfd  BusFault_Handler              
00000cfd  COMP_E0_IRQHandler            
00000cfd  COMP_E1_IRQHandler            
00000cfd  CS_IRQHandler                 
00000cfd  DMA_ERR_IRQHandler            
00000cfd  DMA_INT0_IRQHandler           
00000cfd  DMA_INT1_IRQHandler           
00000cfd  DMA_INT2_IRQHandler           
00000cfd  DMA_INT3_IRQHandler           
00000cfd  DebugMon_Handler              
00000cfd  Default_Handler               
00000cfd  EUSCIA0_IRQHandler            
00000cfd  EUSCIA1_IRQHandler            
00000cfd  EUSCIA2_IRQHandler            
00000cfd  EUSCIA3_IRQHandler            
00000cfd  EUSCIB0_IRQHandler            
00000cfd  EUSCIB1_IRQHandler            
00000cfd  EUSCIB2_IRQHandler            
00000cfd  EUSCIB3_IRQHandler            
00000cfd  FLCTL_IRQHandler              
00000cfd  FPU_IRQHandler                
00000cfd  HardFault_Handler             
00000cfd  MemManage_Handler             
00000cfd  NMI_Handler                   
00000cfd  PCM_IRQHandler                
00000cfd  PORT3_IRQHandler              
00000cfd  PORT4_IRQHandler              
00000cfd  PORT5_IRQHandler              
00000cfd  PORT6_IRQHandler              
00000cfd  PSS_IRQHandler                
00000cfd  PendSV_Handler                
00000cfd  RTC_C_IRQHandler              
00000cfd  SVC_Handler                   
00000cfd  SysTick_Handler               
00000cfd  T32_INT1_IRQHandler           
00000cfd  T32_INT2_IRQHandler           
00000cfd  T32_INTC_IRQHandler           
00000cfd  TA0_N_IRQHandler              
00000cfd  TA1_0_IRQHandler              
00000cfd  TA1_N_IRQHandler              
00000cfd  TA2_0_IRQHandler              
00000cfd  TA2_N_IRQHandler              
00000cfd  TA3_0_IRQHandler              
00000cfd  TA3_N_IRQHandler              
00000cfd  UsageFault_Handler            
00000cfd  WDT_A_IRQHandler              
00000cff  _system_pre_init              
00000d03  C$$EXIT                       
00000d03  abort                         
00000d08  LEDTURNOFF_B                  
00000d14  LEDTURNOFF_R                  
00000d20  greenLED                      
00000d2c  manchester                    
00000d38  redLED                        
00000d44  yellowLED                     
00000d50  TIMERA                        
00000d58  __TI_Handler_Table_Base       
00000d64  __TI_Handler_Table_Limit      
00000d78  __TI_CINIT_Base               
00000d88  __TI_CINIT_Limit              
20000000  SystemCoreClock               
20000004  state                         
2000fe00  __stack                       
20010000  __STACK_END                   
4000480c  WDTCTL_SYM                    
ffffffff  __TI_pprof_out_hndl           
ffffffff  __TI_prof_data_size           
ffffffff  __TI_prof_data_start          
ffffffff  __binit__                     
ffffffff  __c_args__                    
ffffffff  binit                         
UNDEFED   __mpu_init                    
UNDEFED   _system_post_cinit            

[120 symbols]
